You chose the file "C:\Users\retio\OneDrive\Bureau\CHPS706\Finite-Elements-main\Maillages\non_transistor.ffem"
-- FreeFem++ v4.6 (Fri, Apr 03, 2020  2:08:08 PM - git v4.6)
 Load: lg_fem lg_mesh lg_mesh3 eigenvalue
    1 : // fichier rect1.ffem (FreeFem++)
    2 : // =================================================
    3 : // maillage structuré d’un transistor:
    4 : // =================================================
    5 :
    6 : //Read mesh
    7 :
    8 : //maillage non-struct du rectangle ]0,4[x]0,2[
    9 : real L=4.0, l=2.0;
   10 : int Neu=2, Dir=1;
   11 :
   12 : //Sommets caractéritique des bords:
   13 : real x0=0.0, y0=0.0;
 *** Warning  The identifier y0 hide a Global identifier
 
   14 : real x1=0.5, y1=0.0;
 *** Warning  The identifier y1 hide a Global identifier
 
   15 : real x2=0.7, y2=0.2;
   16 : real x3=1.5, y3=0.2;
   17 : real x4=1.7, y4=0.0;
   18 : real x5=2.0, y5=0.0;
   19 : real x6=2.0, y6=1.0;
   20 : real x7=0.0, y7=1.0;
   21 : real x8=x0, y8=y0;
   22 :
   23 : //Construction du mesh
   24 : border a (t=0,1){x=x0+t*(x1-x0);y=y0+t*(y1-y0);label=2;};
   25 : border b (t=0,1){x=x1+t*(x2-x1);y=y1+t*(y2-y1);label=2;};
   26 : border c (t=0,1){x=x2+t*(x3-x2);y=y2+t*(y3-y2);label=2;};
   27 : border d (t=0,1){x=x3+t*(x4-x3);y=y3+t*(y4-y3);label=2;};
   28 : border e (t=0,1){x=x4+t*(x5-x4);y=y4+t*(y5-y4);label=2;};
   29 : border f (t=0,1){x=x5+t*(x6-x5);y=y5+t*(y6-y5);label=2;};
   30 : border g (t=0,1){x=x6+t*(x7-x6);y=y6+t*(y7-y6);label=2;};
   31 : border h (t=0,1){x=x7+t*(x8-x7);y=y7+t*(y8-y7);label=2;};
   32 :
   33 : //mesh
   34 : mesh Th=buildmesh(
   35 :      a(10)
   36 :     +b(5)
   37 :     +c(5)
   38 :     +d(5)
   39 :     +e(5)
   40 :     +f(10)
   41 :     +g(5)
   42 :     +h(5)
   43 : );
   44 :
   45 : //Affichage
   46 : plot(Th);
   47 :
   48 : //Save
   49 : savemesh(Th, "rectangle_non_struct.msh"); sizestack + 1024 =1560  ( 536 )
 
  --  mesh:  Nb of Triangles =    188, Nb of Vertices 120
  number of required edges : 0
times: compile 0.061s, execution 0.005s,  mpirank:0
 ######## We forget of deleting   -1 Nb pointer,   0Bytes  ,  mpirank 0, memory leak =0
 CodeAlloc : nb ptr  3788,  size :480672 mpirank: 0
Ok: Normal End
 try getConsole C:\Users\retio\OneDrive\Bureau\CHPS706\Finite-Elements-main\Maillages\non_transistor.ffem
