You chose the file "C:\Users\retio\OneDrive\Bureau\CHPS706\Finite-Elements-main\Maillages\non_L.ffem"
-- FreeFem++ v4.6 (Fri, Apr 03, 2020  2:08:08 PM - git v4.6)
 Load: lg_fem lg_mesh lg_mesh3 eigenvalue
    1 : // fichier rect1.ffem (FreeFem++)
    2 : // =================================================
    3 : // maillage structuré d’un L:
    4 : // =================================================
    5 :
    6 : //Read mesh
    7 :
    8 : //maillage non-struct du rectangle ]0,4[x]0,2[
    9 : real L=4.0, l=2.0;
   10 : int Neu=2, Dir=1;
   11 :
   12 : //Sommets caractéritique des bords:
   13 : real x0=0.0, y0=0.0;
 *** Warning  The identifier y0 hide a Global identifier
 
   14 : real x1=2.0, y1=0.0;
 *** Warning  The identifier y1 hide a Global identifier
 
   15 : real x2=2.0, y2=1.0;
   16 : real x3=1.0, y3=1.0;
   17 : real x4=1.0, y4=2.0;
   18 : real x5=0.0, y5=2.0;
   19 : real x6=x0, y6=y0;
   20 :
   21 :
   22 : //Construction du mesh
   23 : border a (t=0,1){x=x0+t*(x1-x0);y=y0+t*(y1-y0);label=2;};
   24 : border b (t=0,1){x=x1+t*(x2-x1);y=y1+t*(y2-y1);label=2;};
   25 : border c (t=0,1){x=x2+t*(x3-x2);y=y2+t*(y3-y2);label=2;};
   26 : border d (t=0,1){x=x3+t*(x4-x3);y=y3+t*(y4-y3);label=2;};
   27 : border e (t=0,1){x=x4+t*(x5-x4);y=y4+t*(y5-y4);label=2;};
   28 : border f (t=0,1){x=x5+t*(x6-x5);y=y5+t*(y6-y5);label=2;};
   29 :
   30 : //mesh
   31 : mesh Th=buildmesh(
   32 :      a(10)
   33 :     +b(5)
   34 :     +c(5)
   35 :     +d(5)
   36 :     +e(5)
   37 :     +f(10)
   38 : );
   39 :
   40 : //Affichage
   41 : plot(Th);
   42 :
   43 : //Save
   44 : savemesh(Th, "rectangle_non_struct.msh"); sizestack + 1024 =1496  ( 472 )
 
  --  mesh:  Nb of Triangles =    160, Nb of Vertices 101
  number of required edges : 0
times: compile 0.055s, execution 0.005s,  mpirank:0
 ######## We forget of deleting   -1 Nb pointer,   0Bytes  ,  mpirank 0, memory leak =0
 CodeAlloc : nb ptr  3700,  size :477424 mpirank: 0
Ok: Normal End
 try getConsole C:\Users\retio\OneDrive\Bureau\CHPS706\Finite-Elements-main\Maillages\non_L.ffem
