You chose the file "C:\Users\Kakugen\Desktop\CHPS0706\project\house1.edp"
-- FreeFem++ v4.15 (Wed Dec 11 16:48:56 CET 2024 - git v4.15-7-gb1e524c8c)
   file : C:\Users\Kakugen\Desktop\CHPS0706\project\house1.edp
 Load: lg_fem lg_mesh lg_mesh3 eigenvalue
    1 : // fichier house1 (FreeFem++)
    2 : // =================================================
    3 : // maillage structuré d’une maison avec des fenetres:
    4 : // =================================================
    5 :
    6 : //Read mesh
    7 :
    8 : //Cond
    9 : int Neu=2, Dir=1;
   10 : real L=12.0, H=3.0;
   11 :
   12 : //Sommets caractéritique des bords:
   13 : //r0
   14 : real x0=0.0, y0=0.0;
 *** Warning  The identifier y0 hide a Global identifier
 
   15 : real x1=L, y1=0.0;
 *** Warning  The identifier y1 hide a Global identifier
 
   16 : real x2=L, y2=H;
   17 :
   18 : //fb => fenetre bord
   19 : real fb1x=L, fb1y=H/2;
   20 : real fb2x=L, fb2y=H/2+1.0;
   21 :
   22 : real x3=0.0, y3=H;
   23 : real x4=x0, y4=y0;
   24 :
   25 : //fb => fenetre bord
   26 : real fb3x=0, fb3y=H/2+1.0;
   27 : real fb4x=0, fb4y=H/2;
   28 :
   29 : //r1
   30 : real x5=L/2, y5=2*H;
   31 :
   32 :
   33 : //Construction du mesh
   34 : border a (t=0,1){x=x0+t*(x1-x0);y=y0+t*(y1-y0);label=2;};
   35 : border b (t=0,1){x=x1+t*(fb1x-x1);y=y1+t*(fb1y-y1);label=2;};
   36 :
   37 : //fenetre1
   38 : border c (t=0,1){x=fb1x+t*(fb2x-fb1x);y=fb1y+t*(fb2y-fb1y);label=1;};
   39 :
   40 : border d (t=0,1){x=fb2x+t*(x2-fb2x);y=fb2y+t*(y2-fb2y);label=2;};
   41 : border e (t=0,1){x=x2+t*(x3-x2);y=y2+t*(y3-y2);label=2;};
   42 : border f (t=0,1){x=x3+t*(fb3x-x3);y=y3+t*(fb3y-y3);label=2;};
   43 :
   44 : //fenetre2
   45 : border g (t=0,1){x=fb3x+t*(fb4x-fb3x);y=fb3y+t*(fb4y-fb3y);label=1;};
   46 :
   47 : border h (t=0,1){x=fb4x+t*(x4-fb4x);y=fb4y+t*(y4-fb4y);label=2;};
   48 :
   49 : //toit
   50 : border i (t=0,1){x=x2+t*(x5-x2);y=y2+t*(y5-y2);label=2;};
   51 : border j (t=0,1){x=x5+t*(x3-x5);y=y5+t*(y3-y5);label=2;};
   52 :
   53 :
   54 :
   55 : //mesh
   56 : mesh Th=buildmesh(
   57 :      a(20)
   58 :     +b(20)
   59 :     +c(20)
   60 :     +d(20)
   61 :     +e(20)
   62 :     +f(20)
   63 :     +g(20)
   64 :     +h(20)
   65 :     +i(20)
   66 :     +j(20)
   67 : );
   68 :
   69 : //Affichage
   70 : plot(Th);
   71 :
   72 : //Save
   73 : savemesh(Th, "house1.msh"); sizestack + 1024 =1608  ( 584 )
 
  --  mesh:  Nb of Triangles =    849, Nb of Vertices 515
  number of required edges : 0
times: compile 0.057s, execution 0.025s,  mpirank:0
 ######## unfreed pointers   37 Nb pointer,   0Bytes  ,  mpirank 0, memory leak =0
 CodeAlloc : nb ptr  4357,  size :545176 mpirank: 0
Ok: Normal End
 try getConsole C:\Users\Kakugen\Desktop\CHPS0706\project\house1.edp
