You chose the file "C:\Users\Kakugen\Desktop\CHPS0706\project\house2.edp"
-- FreeFem++ v4.15 (Wed Dec 11 16:48:56 CET 2024 - git v4.15-7-gb1e524c8c)
   file : C:\Users\Kakugen\Desktop\CHPS0706\project\house2.edp
 Load: lg_fem lg_mesh lg_mesh3 eigenvalue
    1 : // fichier house2 (FreeFem++)
    2 : // =================================================
    3 : // maillage structuré d’une maison à 2 étages dont un sous sol avec des fenetres:
    4 : // =================================================
    5 :
    6 : //Read mesh
    7 :
    8 : //Cond
    9 : int Neu=2, Dir=1;
   10 : real L=12.0, H=3.0;
   11 :
   12 : //Sommets caractéritique des bords:
   13 : //r0
   14 : real x0=0.0, y0=0.0;
 *** Warning  The identifier y0 hide a Global identifier
 
   15 : real x1=L, y1=0.0;
 *** Warning  The identifier y1 hide a Global identifier
 
   16 : real x2=L, y2=H;
   17 :
   18 : //fb => fenetre bord
   19 : real fb1x=L, fb1y=H/2;
   20 : real fb2x=L, fb2y=H/2+1.0;
   21 :
   22 : real x3=0.0, y3=H;
   23 : real x4=x0, y4=y0;
   24 :
   25 : //r1
   26 : real x6=L, y6=2*H;
   27 : real x8=0.0, y8=2*H;
   28 :
   29 : //fb => fenetre bord
   30 : real fb3x=0.0, fb3y=(2.0*H)/2.0+1.0;
   31 : real fb4x=0.0, fb4y=(2.0*H)/2.0;
   32 :
   33 : //r1
   34 : real x5=L/2, y5=2*H;
   35 :
   36 :
   37 : //Construction du mesh
   38 : border a (t=0,1){x=x0+t*(x1-x0);y=y0+t*(y1-y0);label=2;};
   39 : border b (t=0,1){x=x1+t*(fb1x-x1);y=y1+t*(fb1y-y1);label=2;};
   40 :
   41 : //fenetre1
   42 : border c (t=0,1){x=fb1x+t*(fb2x-fb1x);y=fb1y+t*(fb2y-fb1y);label=1;};
   43 :
   44 : border d (t=0,1){x=fb2x+t*(x2-fb2x);y=fb2y+t*(y2-fb2y);label=2;};
   45 :
   46 : border e (t=0,1){x=x2+t*(x3-x2);y=y2+t*(y3-y2);label=2;};
   47 : border f (t=0,1){x=x3+t*(x4-x3);y=y3+t*(y4-y3);label=2;};
   48 :
   49 :
   50 :
   51 : border g (t=0,1){x=x2+t*(x6-x2);y=y2+t*(y6-y2);label=2;};
   52 : border h (t=0,1){x=x6+t*(x8-x6);y=y6+t*(y8-y6);label=2;};
   53 :
   54 :
   55 : border i (t=0,1){x=x8+t*(fb3x-x8);y=y8+t*(fb3y-y8);label=2;};
   56 :
   57 : //fenetre2
   58 : border j (t=0,1){x=fb3x+t*(fb4x-fb3x);y=fb3y+t*(fb4y-fb3y);label=1;};
   59 :
   60 : border k (t=0,1){x=fb4x+t*(x3-fb4x);y=fb4y+t*(y3-fb4y);label=2;};
   61 :
   62 :
   63 : //toit
   64 : border l (t=0,1){x=x6+t*(x5-x6);y=y6+t*(y5-y6);label=2;};
   65 : border m (t=0,1){x=x5+t*(x8-x5);y=y8+t*(y8-y5);label=2;};
   66 :
   67 :
   68 :
   69 : //mesh
   70 : mesh Th=buildmesh(
   71 :      a(20)
   72 :     +b(20)
   73 :     +c(20)
   74 :     +d(20)
   75 :     +e(20)
   76 :     +f(20)
   77 :     +g(20)
   78 :     +h(20)
   79 :     +i(20)
   80 :     +j(20)
   81 :     +k(20)
   82 :     +l(20)
   83 :     +m(20)
   84 : );
   85 :
   86 : //Affichage
   87 : plot(Th);
   88 :
   89 : //Save
   90 : savemesh(Th, "house2.msh"); sizestack + 1024 =1688  ( 664 )
 
  current line = 38
Exec error :  Error points  border points to close < diameter*1e-7
   -- number :1
Exec error :  Error points  border points to close < diameter*1e-7
   -- number :1
 err code 8 ,  mpirank 0
 try getConsole C:\Users\Kakugen\Desktop\CHPS0706\project\house2.edp
